http_interactions:
- request:
    method: get
    uri: https://api.crossref.org/prefixes/10.1038
    body:
      encoding: ''
      string: ''
    headers:
      Accept-Encoding: gzip, deflate
      Accept: application/json, text/xml, application/xml, */*
      User-Agent: r-curl/3.2 crul/0.6.1.9100 rOpenSci(rcrossref/0.8.5.9110) (mailto:<crossref_email>)
      X-USER-AGENT: r-curl/3.2 crul/0.6.1.9100 rOpenSci(rcrossref/0.8.5.9110) (mailto:<crossref_email>)
  response:
    status:
      status_code: '200'
      message: OK
      explanation: Request fulfilled, document follows
    headers:
      status: HTTP/1.1 200 OK
      content-type: application/json;charset=UTF-8
      vary: Accept
      access-control-allow-origin: '*'
      access-control-allow-headers: X-Requested-With
      content-length: '204'
      server: http-kit
      date: Fri, 07 Dec 2018 22:14:42 GMT
      x-rate-limit-limit: '50'
      x-rate-limit-interval: 1s
      connection: close
    body:
      encoding: UTF-8
      string: '{"status":"ok","message-type":"prefix","message-version":"1.0.0","message":{"member":"http:\/\/id.crossref.org\/member\/297","name":"Springer
        Nature","prefix":"http:\/\/id.crossref.org\/prefix\/10.1038"}}'
  recorded_at: 2018-12-07 22:14:43 GMT
  recorded_with: vcr/0.2.0.9101, webmockr/0.2.9.9311
- request:
    method: get
    uri: https://api.crossref.org/prefixes/10.1684
    body:
      encoding: ''
      string: ''
    headers:
      Accept-Encoding: gzip, deflate
      Accept: application/json, text/xml, application/xml, */*
      User-Agent: r-curl/3.2 crul/0.6.1.9100 rOpenSci(rcrossref/0.8.5.9110) (mailto:<crossref_email>)
      X-USER-AGENT: r-curl/3.2 crul/0.6.1.9100 rOpenSci(rcrossref/0.8.5.9110) (mailto:<crossref_email>)
  response:
    status:
      status_code: '404'
      message: Not Found
      explanation: Nothing matches the given URI
    headers:
      status: HTTP/1.1 404 Not Found
      content-type: text/plain
      access-control-allow-origin: '*'
      access-control-allow-headers: X-Requested-With
      content-length: '19'
      server: http-kit
      date: Fri, 07 Dec 2018 22:14:43 GMT
      x-rate-limit-limit: '50'
      x-rate-limit-interval: 1s
      connection: close
    body:
      encoding: UTF-8
      string: Resource not found.
  recorded_at: 2018-12-07 22:14:43 GMT
  recorded_with: vcr/0.2.0.9101, webmockr/0.2.9.9311
- request:
    method: get
    uri: https://api.crossref.org/prefixes/10.1109
    body:
      encoding: ''
      string: ''
    headers:
      Accept-Encoding: gzip, deflate
      Accept: application/json, text/xml, application/xml, */*
      User-Agent: r-curl/3.2 crul/0.6.1.9100 rOpenSci(rcrossref/0.8.5.9110) (mailto:<crossref_email>)
      X-USER-AGENT: r-curl/3.2 crul/0.6.1.9100 rOpenSci(rcrossref/0.8.5.9110) (mailto:<crossref_email>)
  response:
    status:
      status_code: '200'
      message: OK
      explanation: Request fulfilled, document follows
    headers:
      status: HTTP/1.1 200 OK
      content-type: application/json;charset=UTF-8
      vary: Accept
      access-control-allow-origin: '*'
      access-control-allow-headers: X-Requested-With
      content-length: '245'
      server: http-kit
      date: Fri, 07 Dec 2018 22:14:43 GMT
      x-rate-limit-limit: '50'
      x-rate-limit-interval: 1s
      connection: close
    body:
      encoding: UTF-8
      string: '{"status":"ok","message-type":"prefix","message-version":"1.0.0","message":{"member":"http:\/\/id.crossref.org\/member\/263","name":"Institute
        of Electrical and Electronics Engineers (IEEE)","prefix":"http:\/\/id.crossref.org\/prefix\/10.1109"}}'
  recorded_at: 2018-12-07 22:14:43 GMT
  recorded_with: vcr/0.2.0.9101, webmockr/0.2.9.9311
